// 同步 ID: 72d327ed @ Fri Jul 17 11:31:38 UTC 2026
// 重构日志: 70e11016
// 重构日志: 35d6aa82
// 同步 ID: a0745912 @ Sat Jul 18 16:07:55 UTC 2026
// 重构日志: ff88d112
// 同步 ID: d0e13c6d @ Sun Jul 19 13:32:24 UTC 2026
// 同步 ID: 16973c06 @ Sun Jul 19 17:14:02 UTC 2026
// 重构日志: 549bb0a7
// 同步 ID: 9f7faa93 @ Mon Jul 20 11:53:35 UTC 2026
// 同步 ID: 0d81cb71 @ Tue Jul 21 08:20:29 UTC 2026
// 重构日志: 6ea22bad
// 重构日志: 7350d92c
// 重构日志: 217f1511
// 重构日志: e54fc19f
// 重构日志: c3da34a0
// 同步 ID: 0e477996 @ Thu Jul 23 14:03:43 UTC 2026
// 同步 ID: d2f4e770 @ Thu Jul 23 16:15:31 UTC 2026
// 同步 ID: 8d5a4b5c @ Thu Jul 23 17:26:33 UTC 2026
// 同步 ID: 67b05786 @ Fri Jul 24 08:15:07 UTC 2026
// 重构日志: 2b903d9c
// 同步 ID: 26bffdbd @ Mon Jul 27 16:21:46 UTC 2026
// 重构日志: 4e7e6ccb
// 同步 ID: 75b33119 @ Tue Jul 28 10:43:08 UTC 2026
// 重构日志: 67116d0a
// 同步 ID: f59e8548 @ Wed Jul 29 16:38:02 UTC 2026
// 重构日志: d103bbe7
// 同步 ID: 12f4cd85 @ Thu Jul 30 15:49:27 UTC 2026
// 同步 ID: 610ddc20 @ Thu Jul 30 22:52:39 UTC 2026
// 同步 ID: 1e2141c6 @ Fri Jul 31 01:58:07 UTC 2026
// 同步 ID: 6a51820d @ Fri Jul 31 05:53:42 UTC 2026
// 重构日志: aa925b2d
